../Core/Src/button.c:53:6:sub_for_Process1	4	static
../Core/Src/button.c:58:6:sub_for_Process2	4	static
../Core/Src/button.c:63:6:sub_for_Process3	4	static
../Core/Src/button.c:68:6:sub_for_Process4	4	static
../Core/Src/button.c:74:6:sub_for_Process3S1	4	static
../Core/Src/button.c:79:6:sub_for_Process3S2	4	static
../Core/Src/button.c:84:6:sub_for_Process3S3	4	static
../Core/Src/button.c:92:5:reset_button_flag	4	static
../Core/Src/button.c:100:5:inc_button_flag	4	static
../Core/Src/button.c:108:5:dec_button_flag	4	static
../Core/Src/button.c:126:5:reset_button_flag3S	4	static
../Core/Src/button.c:134:5:inc_button_flag3S	4	static
../Core/Src/button.c:142:5:dec_button_flag3S	4	static
../Core/Src/button.c:151:6:get_key_INPUT1	8	static
../Core/Src/button.c:179:6:get_key_INPUT2	8	static
../Core/Src/button.c:209:6:get_key_INPUT3	8	static
