../Core/Src/software_timer.c:41:6:zero	8	static
../Core/Src/software_timer.c:53:6:one	8	static
../Core/Src/software_timer.c:65:6:two	8	static
../Core/Src/software_timer.c:77:6:three	8	static
../Core/Src/software_timer.c:89:6:four	8	static
../Core/Src/software_timer.c:102:6:five	8	static
../Core/Src/software_timer.c:114:6:six	8	static
../Core/Src/software_timer.c:126:6:seven	8	static
../Core/Src/software_timer.c:139:6:eight	8	static
../Core/Src/software_timer.c:151:6:nine	8	static
../Core/Src/software_timer.c:170:6:display7SEG1	16	static
../Core/Src/software_timer.c:215:6:display_LED	8	static
../Core/Src/software_timer.c:221:6:setTimer1	16	static
../Core/Src/software_timer.c:226:6:setTimer2	16	static
../Core/Src/software_timer.c:231:6:setTimer3	16	static
../Core/Src/software_timer.c:236:6:setTimer4	16	static
../Core/Src/software_timer.c:255:5:reset_AUTODEC_Flag	4	static
../Core/Src/software_timer.c:264:5:reset_LED_Flag	4	static
../Core/Src/software_timer.c:273:5:isTimer3Finish	4	static
../Core/Src/software_timer.c:282:6:timerRun	4	static
